[flappybirdgame.github.io/index.html]
[backblue.gif]
[fade.gif]
[index.html]
[flappybirdgame.github.io/css/bootstrap.min.css]
[flappybirdgame.github.io/css/jquery-comments.css]
[flappybirdgame.github.io/css/user.css]
[flappybirdgame.github.io/css/style.css]
[cdn.jsdelivr.net/npm/bootstrap-icons@1.10.3/font/bootstrap-icons.css]
[cdnjs.cloudflare.com/ajax/libs/font-awesome/4.7.0/css/font-awesome.min.css]
[flappybirdgame.github.io/images/background1.png]
[flappybirdgame.github.io/category/new.html]
[flappybirdgame.github.io/category/popular.html]
[flappybirdgame.github.io/category/2-player.html]
[flappybirdgame.github.io/category/car.html]
[flappybirdgame.github.io/category/sports.html]
[flappybirdgame.github.io/category/skill.html]
[flappybirdgame.github.io/category/running.html]
[flappybirdgame.github.io/category/3d.html]
[flappybirdgame.github.io/category/shooting.html]
[flappybirdgame.github.io/category/multiplayer.html]
[flappybirdgame.github.io/category/racing.html]
[flappybirdgame.github.io/category/moto.html]
[flappybirdgame.github.io/category/stickman.html]
[flappybirdgame.github.io/category/adventure.html]
[flappybirdgame.github.io/category/puzzle.html]
[flappybirdgame.github.io/go/cats-love-cake-2.html]
[flappybirdgame.github.io/file/index.html]
[class198.github.io/img/cats-love-cake-2.png]
[flappybirdgame.github.io/go/villain-quinn-my-drawing-portfolio.html]
[class198.github.io/img/villain-quinn-my-drawing-portfolio.png]
[flappybirdgame.github.io/go/lava-bird.html]
[class198.github.io/img/lava-bird.png]
[flappybirdgame.github.io/go/extreme-off-road-cars-3-cargo.html]
[class198.github.io/img/extreme-off-road-cars-3-cargo.png]
[flappybirdgame.github.io/go/double-panda.html]
[class198.github.io/img/double-panda.png]
[flappybirdgame.github.io/go/pony-dressup-2.html]
[class198.github.io/img/pony-dressup-2.png]
[flappybirdgame.github.io/go/cubies.html]
[class198.github.io/img/cubies.png]
[flappybirdgame.github.io/go/parkmania.html]
[class198.github.io/img/parkmania.png]
[flappybirdgame.github.io/go/traffic-rush.html]
[class198.github.io/img/traffic-rush.png]
[flappybirdgame.github.io/go/math-mahjong-relax.html]
[class198.github.io/img/math-mahjong-relax.png]
[flappybirdgame.github.io/go/mafia-wars.html]
[class198.github.io/img/mafia-wars.png]
[flappybirdgame.github.io/go/zeepkist-crash-2d.html]
[class198.github.io/img/zeepkist-crash-2d.png]
[flappybirdgame.github.io/go/super-mx-the-champion.html]
[class198.github.io/img/super-mx-the-champion.png]
[flappybirdgame.github.io/go/colorup.html]
[class198.github.io/img/colorup.png]
[flappybirdgame.github.io/go/amazing-bubble-breaker.html]
[class198.github.io/img/amazing-bubble-breaker.png]
[flappybirdgame.github.io/go/truck-loader-2.html]
[class198.github.io/img/truck-loader-2.png]
[flappybirdgame.github.io/go/daddy-long-legs.html]
[class198.github.io/img/daddy-long-legs.png]
[flappybirdgame.github.io/go/fireboy-and-watergirl-1-forest-temple.html]
[class198.github.io/img/fireboy-and-watergirl-1-forest-temple.png]
[flappybirdgame.github.io/go/brain-test-4-tricky-friends.html]
[class198.github.io/img/brain-test-4-tricky-friends.png]
[flappybirdgame.github.io/go/stickman-run.html]
[class198.github.io/img/stickman-run.png]
[flappybirdgame.github.io/go/touchdowners.html]
[class198.github.io/img/touchdowners.png]
[flappybirdgame.github.io/go/slime-laboratory-3.html]
[class198.github.io/img/slime-laboratory-3.png]
[flappybirdgame.github.io/go/mimelet.html]
[class198.github.io/img/mimelet.png]
[flappybirdgame.github.io/go/cubinko.html]
[class198.github.io/img/cubinko.png]
[flappybirdgame.github.io/go/lethal-sniper-3d-army-soldier.html]
[class198.github.io/img/lethal-sniper-3d-army-soldier.png]
[flappybirdgame.github.io/go/darts-pro.html]
[class198.github.io/img/darts-pro.png]
[flappybirdgame.github.io/go/bottle-flip.html]
[class198.github.io/img/bottle-flip.png]
[flappybirdgame.github.io/go/brain-dozer.html]
[class198.github.io/img/brain-dozer.png]
[flappybirdgame.github.io/go/jamming-car-escape.html]
[class198.github.io/img/jamming-car-escape.png]
[flappybirdgame.github.io/go/connect-248.html]
[class198.github.io/img/connect-248.png]
[flappybirdgame.github.io/go/bitlife.html]
[class198.github.io/img/bitlife.png]
[flappybirdgame.github.io/go/swingo.html]
[class198.github.io/img/swingo.png]
[flappybirdgame.github.io/go/master-chess.html]
[class198.github.io/img/master-chess.png]
[flappybirdgame.github.io/go/we-become-what-we-behold.html]
[class198.github.io/img/we-become-what-we-behold.png]
[flappybirdgame.github.io/go/super-liquid-soccer.html]
[class198.github.io/img/super-liquid-soccer.png]
[flappybirdgame.github.io/go/idle-digging-tycoon.html]
[class198.github.io/img/idle-digging-tycoon.png]
[flappybirdgame.github.io/go/super-mario-bros.html]
[class198.github.io/img/super-mario-bros.png]
[flappybirdgame.github.io/go/soccer-skills-champions-league.html]
[class198.github.io/img/soccer-skills-champions-league.png]
[flappybirdgame.github.io/go/court-kings-3d.html]
[class198.github.io/img/court-kings-3d.png]
[flappybirdgame.github.io/go/a-dance-of-fire-and-ice.html]
[class198.github.io/img/a-dance-of-fire-and-ice.png]
[flappybirdgame.github.io/go/ping-pong-chaos.html]
[class198.github.io/img/ping-pong-chaos.png]
[flappybirdgame.github.io/go/car-drift-racers-2.html]
[class198.github.io/img/car-drift-racers-2.png]
[flappybirdgame.github.io/go/moto-road-rash-3d.html]
[class198.github.io/img/moto-road-rash-3d.png]
[flappybirdgame.github.io/go/a-pretty-odd-bunny.html]
[class198.github.io/img/a-pretty-odd-bunny.png]
[flappybirdgame.github.io/go/stick-defenders.html]
[class198.github.io/img/stick-defenders.png]
[flappybirdgame.github.io/go/slopey.html]
[class198.github.io/img/slopey.png]
[flappybirdgame.github.io/go/basketball-stars.html]
[class198.github.io/img/basketball-stars.png]
[flappybirdgame.github.io/go/stickman-hook.html]
[class198.github.io/img/stickman-hook.png]
[flappybirdgame.github.io/go/geometry-dash.html]
[class198.github.io/img/geometry-dash.png]
[flappybirdgame.github.io/go/raft-wars.html]
[class198.github.io/img/raft-wars.png]
[flappybirdgame.github.io/go/ovo.html]
[class198.github.io/img/ovo.png]
[flappybirdgame.github.io/go/flip-runner.html]
[class198.github.io/img/flip-runner.png]
[flappybirdgame.github.io/go/fnf-hatsune-miku.html]
[class198.github.io/img/fnf-hatsune-miku.png]
[flappybirdgame.github.io/go/kix-dream-soccer.html]
[class198.github.io/img/kix-dream-soccer.png]
[flappybirdgame.github.io/dmca.html]
[flappybirdgame.github.io/js/jquery-3.6.2.min.js]
[flappybirdgame.github.io/js/lazysizes.min.js]
[flappybirdgame.github.io/js/popper.min.js]
[flappybirdgame.github.io/js/bootstrap.min.js]
[flappybirdgame.github.io/js/script.js]
[flappybirdgame.github.io/js/custom.js]
[flappybirdgame.github.io/index.html]
[flappybirdgame.github.io/css/bootstrap.min.css]
[flappybirdgame.github.io/css/jquery-comments.css]
[flappybirdgame.github.io/css/user.css]
[flappybirdgame.github.io/css/style.css]
[flappybirdgame.github.io/css/custom.css]
[cdn.jsdelivr.net/npm/bootstrap-icons@1.10.3/font/fonts/bootstrap-iconsbf04.woff2]
[cdn.jsdelivr.net/npm/bootstrap-icons@1.10.3/font/fonts/bootstrap-iconsbf04.woff]
[cdn.jsdelivr.net/npm/bootstrap-icons@1.10.3/font/bootstrap-icons.css]
[cdnjs.cloudflare.com/ajax/libs/font-awesome/4.7.0/css/font-awesome.min.css]
[flappybirdgame.github.io/category/new.html]
[flappybirdgame.github.io/category/popular.html]
[flappybirdgame.github.io/category/2-player.html]
[flappybirdgame.github.io/category/car.html]
[flappybirdgame.github.io/category/sports.html]
[flappybirdgame.github.io/category/skill.html]
[flappybirdgame.github.io/category/running.html]
[flappybirdgame.github.io/category/3d.html]
[flappybirdgame.github.io/category/shooting.html]
[flappybirdgame.github.io/category/multiplayer.html]
[flappybirdgame.github.io/category/racing.html]
[flappybirdgame.github.io/category/moto.html]
[flappybirdgame.github.io/category/stickman.html]
[flappybirdgame.github.io/category/adventure.html]
[flappybirdgame.github.io/category/puzzle.html]
[flappybirdgame.github.io/file/styles.css]
[flappybirdgame.github.io/file/playcanvas-stable.min.js]
[flappybirdgame.github.io/file/start.js]
[flappybirdgame.github.io/file/loading.js]
[flappybirdgame.github.io/file/index.html]
[flappybirdgame.github.io/go/cats-love-cake-2.html]
[flappybirdgame.github.io/go/villain-quinn-my-drawing-portfolio.html]
[flappybirdgame.github.io/go/lava-bird.html]
[flappybirdgame.github.io/go/extreme-off-road-cars-3-cargo.html]
[flappybirdgame.github.io/go/double-panda.html]
[flappybirdgame.github.io/go/pony-dressup-2.html]
[flappybirdgame.github.io/go/cubies.html]
[flappybirdgame.github.io/go/parkmania.html]
[flappybirdgame.github.io/go/traffic-rush.html]
[flappybirdgame.github.io/go/math-mahjong-relax.html]
[flappybirdgame.github.io/go/mafia-wars.html]
[flappybirdgame.github.io/go/zeepkist-crash-2d.html]
[flappybirdgame.github.io/go/super-mx-the-champion.html]
[flappybirdgame.github.io/go/colorup.html]
[flappybirdgame.github.io/go/amazing-bubble-breaker.html]
[flappybirdgame.github.io/go/truck-loader-2.html]
[flappybirdgame.github.io/go/daddy-long-legs.html]
[flappybirdgame.github.io/go/fireboy-and-watergirl-1-forest-temple.html]
[flappybirdgame.github.io/go/brain-test-4-tricky-friends.html]
[flappybirdgame.github.io/go/stickman-run.html]
[flappybirdgame.github.io/go/touchdowners.html]
[flappybirdgame.github.io/go/slime-laboratory-3.html]
[flappybirdgame.github.io/go/mimelet.html]
[flappybirdgame.github.io/go/cubinko.html]
[flappybirdgame.github.io/go/lethal-sniper-3d-army-soldier.html]
[flappybirdgame.github.io/go/darts-pro.html]
[flappybirdgame.github.io/go/bottle-flip.html]
[flappybirdgame.github.io/go/brain-dozer.html]
[flappybirdgame.github.io/go/jamming-car-escape.html]
[flappybirdgame.github.io/go/connect-248.html]
[flappybirdgame.github.io/go/bitlife.html]
[flappybirdgame.github.io/go/swingo.html]
[flappybirdgame.github.io/go/master-chess.html]
[flappybirdgame.github.io/go/we-become-what-we-behold.html]
[flappybirdgame.github.io/go/super-liquid-soccer.html]
[flappybirdgame.github.io/go/idle-digging-tycoon.html]
[flappybirdgame.github.io/go/super-mario-bros.html]
[flappybirdgame.github.io/go/soccer-skills-champions-league.html]
[flappybirdgame.github.io/go/court-kings-3d.html]
[flappybirdgame.github.io/go/a-dance-of-fire-and-ice.html]
[flappybirdgame.github.io/go/ping-pong-chaos.html]
[flappybirdgame.github.io/go/car-drift-racers-2.html]
[flappybirdgame.github.io/go/moto-road-rash-3d.html]
[flappybirdgame.github.io/go/a-pretty-odd-bunny.html]
[flappybirdgame.github.io/go/stick-defenders.html]
[flappybirdgame.github.io/go/slopey.html]
[flappybirdgame.github.io/go/basketball-stars.html]
[flappybirdgame.github.io/go/stickman-hook.html]
[flappybirdgame.github.io/go/geometry-dash.html]
[flappybirdgame.github.io/go/raft-wars.html]
[flappybirdgame.github.io/go/ovo.html]
[flappybirdgame.github.io/go/flip-runner.html]
[flappybirdgame.github.io/go/fnf-hatsune-miku.html]
[flappybirdgame.github.io/go/kix-dream-soccer.html]
[flappybirdgame.github.io/dmca.html]
[flappybirdgame.github.io/js/lazysizes.min.html]
[flappybirdgame.github.io/file/styles.css]
